## nccl-latency-bench tag=prod-rep2 world=3 warmup=10 iters=50 algo=Ring proto=- nch=-/8
     bytes    time_us  algbw_GBps  busbw_GBps  correctness
/usr/local/lib/python3.12/dist-packages/torch/distributed/c10d_logger.py:83: UserWarning: barrier(): using the device under current context. You can specify `device_id` in `init_process_group` to mute this warning.
  return func(*args, **kwargs)
         8     80.376       0.000       0.000  OK
        16     74.145       0.000       0.000  OK
        32     81.184       0.000       0.001  OK
        64     79.922       0.001       0.001  OK
       128     70.596       0.002       0.002  OK
       256     94.603       0.003       0.004  OK
       512     80.470       0.006       0.008  OK
      1024     82.596       0.012       0.017  OK
      2048     77.032       0.027       0.035  OK
      4096     73.868       0.055       0.074  OK
      8192    101.187       0.081       0.108  OK
     16384     80.867       0.203       0.270  OK
     32768     78.990       0.415       0.553  OK
     65536     86.396       0.759       1.011  OK
    131072    173.266       0.756       1.009  OK
    262144     93.153       2.814       3.752  OK
    524288    143.268       3.659       4.879  OK
   1048576    275.121       3.811       5.082  OK
   2097152    458.881       4.570       6.094  OK
   4194304    305.511      13.729      18.305  OK
   8388608    533.441      15.725      20.967  OK
  16777216   1096.790      15.297      20.396  OK
  33554432   1955.092      17.163      22.883  OK
  67108864   3967.716      16.914      22.552  OK
wrote /cache/lat-prod-rep2-r0.json
NCCL version 2.30.7+cuda13.3
